Archive member included because of file (symbol)

lib/libcoremega.a(wiring.o)   bin/blink.o (delay)
lib/libcoremega.a(wiring_digital.o)
                              bin/blink.o (pinMode)
lib/libcoremega.a(pins_arduino.o)
                              lib/libcoremega.a(wiring_digital.o) (port_to_mode_PGM)
/usr/lib/gcc/avr/4.3.4/avr6/libgcc.a(_exit.o)
                              /usr/lib/gcc/avr/4.3.4/../../../avr/lib/avr6/crtm2560.o (exit)
/usr/lib/gcc/avr/4.3.4/avr6/libgcc.a(_clear_bss.o)
                              bin/blink.o (__do_clear_bss)

Memory Configuration

Name             Origin             Length             Attributes
text             0x0000000000000000 0x0000000000100000 xr
data             0x0000000000800200 0x000000000000fe00 rw !x
eeprom           0x0000000000810000 0x0000000000010000 rw !x
fuse             0x0000000000820000 0x0000000000000400 rw !x
lock             0x0000000000830000 0x0000000000000400 rw !x
signature        0x0000000000840000 0x0000000000000400 rw !x
*default*        0x0000000000000000 0xffffffffffffffff

Linker script and memory map

Address of section .data set to 0x800200
LOAD /usr/lib/gcc/avr/4.3.4/../../../avr/lib/avr6/crtm2560.o
LOAD bin/blink.o
LOAD lib/libcoremega.a
LOAD /usr/lib/gcc/avr/4.3.4/../../../avr/lib/avr6/libm.a
LOAD lib/libcoremega.a
LOAD /usr/lib/gcc/avr/4.3.4/avr6/libgcc.a
LOAD /usr/lib/gcc/avr/4.3.4/../../../avr/lib/avr6/libc.a
LOAD /usr/lib/gcc/avr/4.3.4/avr6/libgcc.a

.hash
 *(.hash)

.dynsym
 *(.dynsym)

.dynstr
 *(.dynstr)

.gnu.version
 *(.gnu.version)

.gnu.version_d
 *(.gnu.version_d)

.gnu.version_r
 *(.gnu.version_r)

.rel.init
 *(.rel.init)

.rela.init
 *(.rela.init)

.rel.text
 *(.rel.text)
 *(.rel.text.*)
 *(.rel.gnu.linkonce.t*)

.rela.text
 *(.rela.text)
 *(.rela.text.*)
 *(.rela.gnu.linkonce.t*)

.rel.fini
 *(.rel.fini)

.rela.fini
 *(.rela.fini)

.rel.rodata
 *(.rel.rodata)
 *(.rel.rodata.*)
 *(.rel.gnu.linkonce.r*)

.rela.rodata
 *(.rela.rodata)
 *(.rela.rodata.*)
 *(.rela.gnu.linkonce.r*)

.rel.data
 *(.rel.data)
 *(.rel.data.*)
 *(.rel.gnu.linkonce.d*)

.rela.data
 *(.rela.data)
 *(.rela.data.*)
 *(.rela.gnu.linkonce.d*)

.rel.ctors
 *(.rel.ctors)

.rela.ctors
 *(.rela.ctors)

.rel.dtors
 *(.rel.dtors)

.rela.dtors
 *(.rela.dtors)

.rel.got
 *(.rel.got)

.rela.got
 *(.rela.got)

.rel.bss
 *(.rel.bss)

.rela.bss
 *(.rela.bss)

.rel.plt
 *(.rel.plt)

.rela.plt
 *(.rela.plt)

.text           0x0000000000000000      0x6ac
 *(.vectors)
 .vectors       0x0000000000000000       0xe4 /usr/lib/gcc/avr/4.3.4/../../../avr/lib/avr6/crtm2560.o
                0x0000000000000000                __vectors
                0x0000000000000000                __vector_default
 *(.vectors)
 *(.progmem.gcc*)
 *(.progmem*)
 .progmem.data  0x00000000000000e4      0x120 lib/libcoremega.a(pins_arduino.o)
                0x00000000000000e4                port_to_mode_PGM
                0x00000000000000fe                port_to_output_PGM
                0x0000000000000118                port_to_input_PGM
                0x0000000000000132                digital_pin_to_port_PGM
                0x0000000000000178                digital_pin_to_bit_mask_PGM
                0x00000000000001be                digital_pin_to_timer_PGM
                0x0000000000000204                . = ALIGN (0x2)
                0x0000000000000204                __trampolines_start = .
 *(.trampolines)
 .trampolines   0x0000000000000204        0x0 linker stubs
 *(.trampolines*)
                0x0000000000000204                __trampolines_end = .
 *(.jumptables)
 *(.jumptables*)
 *(.lowtext)
 *(.lowtext*)
                0x0000000000000204                __ctors_start = .
 *(.ctors)
                0x0000000000000204                __ctors_end = .
                0x0000000000000204                __dtors_start = .
 *(.dtors)
                0x0000000000000204                __dtors_end = .
 SORT(*)(.ctors)
 SORT(*)(.dtors)
 *(.init0)
 .init0         0x0000000000000204        0x0 /usr/lib/gcc/avr/4.3.4/../../../avr/lib/avr6/crtm2560.o
                0x0000000000000204                __init
 *(.init0)
 *(.init1)
 *(.init1)
 *(.init2)
 .init2         0x0000000000000204       0x10 /usr/lib/gcc/avr/4.3.4/../../../avr/lib/avr6/crtm2560.o
 *(.init2)
 *(.init3)
 *(.init3)
 *(.init4)
 .init4         0x0000000000000214       0x1a /usr/lib/gcc/avr/4.3.4/../../../avr/lib/avr6/crtm2560.o
                0x0000000000000214                __do_copy_data
 .init4         0x000000000000022e       0x10 /usr/lib/gcc/avr/4.3.4/avr6/libgcc.a(_clear_bss.o)
                0x000000000000022e                __do_clear_bss
 *(.init4)
 *(.init5)
 *(.init5)
 *(.init6)
 *(.init6)
 *(.init7)
 *(.init7)
 *(.init8)
 *(.init8)
 *(.init9)
 .init9         0x000000000000023e        0x8 /usr/lib/gcc/avr/4.3.4/../../../avr/lib/avr6/crtm2560.o
 *(.init9)
 *(.text)
 .text          0x0000000000000246        0x4 /usr/lib/gcc/avr/4.3.4/../../../avr/lib/avr6/crtm2560.o
                0x0000000000000246                __vector_38
                0x0000000000000246                __vector_22
                0x0000000000000246                __vector_28
                0x0000000000000246                __vector_1
                0x0000000000000246                __vector_32
                0x0000000000000246                __vector_34
                0x0000000000000246                __vector_24
                0x0000000000000246                __vector_12
                0x0000000000000246                __vector_55
                0x0000000000000246                __vector_46
                0x0000000000000246                __bad_interrupt
                0x0000000000000246                __vector_6
                0x0000000000000246                __vector_31
                0x0000000000000246                __vector_35
                0x0000000000000246                __vector_39
                0x0000000000000246                __vector_3
                0x0000000000000246                __vector_30
                0x0000000000000246                __vector_45
                0x0000000000000246                __vector_25
                0x0000000000000246                __vector_11
                0x0000000000000246                __vector_54
                0x0000000000000246                __vector_13
                0x0000000000000246                __vector_17
                0x0000000000000246                __vector_19
                0x0000000000000246                __vector_56
                0x0000000000000246                __vector_7
                0x0000000000000246                __vector_49
                0x0000000000000246                __vector_41
                0x0000000000000246                __vector_43
                0x0000000000000246                __vector_27
                0x0000000000000246                __vector_5
                0x0000000000000246                __vector_33
                0x0000000000000246                __vector_47
                0x0000000000000246                __vector_52
                0x0000000000000246                __vector_37
                0x0000000000000246                __vector_4
                0x0000000000000246                __vector_44
                0x0000000000000246                __vector_51
                0x0000000000000246                __vector_9
                0x0000000000000246                __vector_2
                0x0000000000000246                __vector_21
                0x0000000000000246                __vector_15
                0x0000000000000246                __vector_36
                0x0000000000000246                __vector_29
                0x0000000000000246                __vector_40
                0x0000000000000246                __vector_8
                0x0000000000000246                __vector_26
                0x0000000000000246                __vector_48
                0x0000000000000246                __vector_14
                0x0000000000000246                __vector_53
                0x0000000000000246                __vector_10
                0x0000000000000246                __vector_50
                0x0000000000000246                __vector_16
                0x0000000000000246                __vector_18
                0x0000000000000246                __vector_20
                0x0000000000000246                __vector_42
 .text          0x000000000000024a        0x0 bin/blink.o
 .text          0x000000000000024a        0x0 lib/libcoremega.a(wiring.o)
 .text          0x000000000000024a        0x0 lib/libcoremega.a(wiring_digital.o)
 .text          0x000000000000024a        0x0 lib/libcoremega.a(pins_arduino.o)
 .text          0x000000000000024a        0x0 /usr/lib/gcc/avr/4.3.4/avr6/libgcc.a(_exit.o)
 .text          0x000000000000024a        0x0 /usr/lib/gcc/avr/4.3.4/avr6/libgcc.a(_clear_bss.o)
                0x000000000000024a                . = ALIGN (0x2)
 *(.text.*)
 .text.loop     0x000000000000024a       0x2a bin/blink.o
                0x000000000000024a                loop
 .text.setup    0x0000000000000274        0xa bin/blink.o
                0x0000000000000274                setup
 .text.main     0x000000000000027e       0x12 bin/blink.o
                0x000000000000027e                main
 .text.__vector_23
                0x0000000000000290       0x90 lib/libcoremega.a(wiring.o)
                0x0000000000000290                __vector_23
 .text.millis   0x0000000000000320       0x1c lib/libcoremega.a(wiring.o)
                0x0000000000000320                millis
 .text.micros   0x000000000000033c       0x4c lib/libcoremega.a(wiring.o)
                0x000000000000033c                micros
 .text.delay    0x0000000000000388       0x4c lib/libcoremega.a(wiring.o)
                0x0000000000000388                delay
 .text.delayMicroseconds
                0x00000000000003d4       0x14 lib/libcoremega.a(wiring.o)
                0x00000000000003d4                delayMicroseconds
 .text.init     0x00000000000003e8       0xc4 lib/libcoremega.a(wiring.o)
                0x00000000000003e8                init
 .text.pinMode  0x00000000000004ac       0x4c lib/libcoremega.a(wiring_digital.o)
                0x00000000000004ac                pinMode
 .text.turnOffPWM
                0x00000000000004f8       0xe6 lib/libcoremega.a(wiring_digital.o)
 .text.digitalWrite
                0x00000000000005de       0x6a lib/libcoremega.a(wiring_digital.o)
                0x00000000000005de                digitalWrite
 .text.digitalRead
                0x0000000000000648       0x60 lib/libcoremega.a(wiring_digital.o)
                0x0000000000000648                digitalRead
 .text.libgcc   0x00000000000006a8        0x0 /usr/lib/gcc/avr/4.3.4/avr6/libgcc.a(_exit.o)
 .text.libgcc   0x00000000000006a8        0x0 /usr/lib/gcc/avr/4.3.4/avr6/libgcc.a(_clear_bss.o)
                0x00000000000006a8                . = ALIGN (0x2)
 *(.fini9)
 .fini9         0x00000000000006a8        0x0 /usr/lib/gcc/avr/4.3.4/avr6/libgcc.a(_exit.o)
                0x00000000000006a8                exit
                0x00000000000006a8                _exit
 *(.fini9)
 *(.fini8)
 *(.fini8)
 *(.fini7)
 *(.fini7)
 *(.fini6)
 *(.fini6)
 *(.fini5)
 *(.fini5)
 *(.fini4)
 *(.fini4)
 *(.fini3)
 *(.fini3)
 *(.fini2)
 *(.fini2)
 *(.fini1)
 *(.fini1)
 *(.fini0)
 .fini0         0x00000000000006a8        0x4 /usr/lib/gcc/avr/4.3.4/avr6/libgcc.a(_exit.o)
 *(.fini0)
                0x00000000000006ac                _etext = .

.data           0x0000000000800200        0x0 load address 0x00000000000006ac
                0x0000000000800200                PROVIDE (__data_start, .)
 *(.data)
 .data          0x0000000000800200        0x0 /usr/lib/gcc/avr/4.3.4/../../../avr/lib/avr6/crtm2560.o
 .data          0x0000000000800200        0x0 bin/blink.o
 .data          0x0000000000800200        0x0 lib/libcoremega.a(wiring.o)
 .data          0x0000000000800200        0x0 lib/libcoremega.a(wiring_digital.o)
 .data          0x0000000000800200        0x0 lib/libcoremega.a(pins_arduino.o)
 .data          0x0000000000800200        0x0 /usr/lib/gcc/avr/4.3.4/avr6/libgcc.a(_exit.o)
 .data          0x0000000000800200        0x0 /usr/lib/gcc/avr/4.3.4/avr6/libgcc.a(_clear_bss.o)
 *(.data*)
 *(.rodata)
 *(.rodata*)
 *(.gnu.linkonce.d*)
                0x0000000000800200                . = ALIGN (0x2)
                0x0000000000800200                _edata = .
                0x0000000000800200                PROVIDE (__data_end, .)

.bss            0x0000000000800200        0x9
                0x0000000000800200                PROVIDE (__bss_start, .)
 *(.bss)
 .bss           0x0000000000800200        0x0 /usr/lib/gcc/avr/4.3.4/../../../avr/lib/avr6/crtm2560.o
 .bss           0x0000000000800200        0x0 bin/blink.o
 .bss           0x0000000000800200        0x0 lib/libcoremega.a(wiring.o)
 .bss           0x0000000000800200        0x0 lib/libcoremega.a(wiring_digital.o)
 .bss           0x0000000000800200        0x0 lib/libcoremega.a(pins_arduino.o)
 .bss           0x0000000000800200        0x0 /usr/lib/gcc/avr/4.3.4/avr6/libgcc.a(_exit.o)
 .bss           0x0000000000800200        0x0 /usr/lib/gcc/avr/4.3.4/avr6/libgcc.a(_clear_bss.o)
 *(.bss*)
 .bss.timer0_overflow_count
                0x0000000000800200        0x4 lib/libcoremega.a(wiring.o)
                0x0000000000800200                timer0_overflow_count
 .bss.timer0_millis
                0x0000000000800204        0x4 lib/libcoremega.a(wiring.o)
                0x0000000000800204                timer0_millis
 .bss.timer0_fract
                0x0000000000800208        0x1 lib/libcoremega.a(wiring.o)
 *(COMMON)
                0x0000000000800209                PROVIDE (__bss_end, .)
                0x00000000000006ac                __data_load_start = LOADADDR (.data)
                0x00000000000006ac                __data_load_end = (__data_load_start + SIZEOF (.data))

.noinit         0x0000000000800209        0x0
                0x0000000000800209                PROVIDE (__noinit_start, .)
 *(.noinit*)
                0x0000000000800209                PROVIDE (__noinit_end, .)
                0x0000000000800209                _end = .
                0x0000000000800209                PROVIDE (__heap_start, .)

.eeprom         0x0000000000810000        0x0
 *(.eeprom*)
                0x0000000000810000                __eeprom_end = .

.fuse
 *(.fuse)
 *(.lfuse)
 *(.hfuse)
 *(.efuse)

.lock
 *(.lock*)

.signature
 *(.signature*)

.stab           0x0000000000000000     0x1fbc
 *(.stab)
 .stab          0x0000000000000000      0x768 /usr/lib/gcc/avr/4.3.4/../../../avr/lib/avr6/crtm2560.o
 .stab          0x0000000000000768      0x4d4 bin/blink.o
                                        0x4e0 (size before relaxing)
 .stab          0x0000000000000c3c      0x948 lib/libcoremega.a(wiring.o)
                                        0x954 (size before relaxing)
 .stab          0x0000000000001584      0x834 lib/libcoremega.a(wiring_digital.o)
                                        0xad4 (size before relaxing)
 .stab          0x0000000000001db8      0x204 lib/libcoremega.a(pins_arduino.o)
                                        0x540 (size before relaxing)

.stabstr        0x0000000000000000     0x158f
 *(.stabstr)
 .stabstr       0x0000000000000000     0x158f /usr/lib/gcc/avr/4.3.4/../../../avr/lib/avr6/crtm2560.o

.stab.excl
 *(.stab.excl)

.stab.exclstr
 *(.stab.exclstr)

.stab.index
 *(.stab.index)

.stab.indexstr
 *(.stab.indexstr)

.comment
 *(.comment)

.debug
 *(.debug)

.line
 *(.line)

.debug_srcinfo
 *(.debug_srcinfo)

.debug_sfnames
 *(.debug_sfnames)

.debug_aranges
 *(.debug_aranges)

.debug_pubnames
 *(.debug_pubnames)

.debug_info
 *(.debug_info)
 *(.gnu.linkonce.wi.*)

.debug_abbrev
 *(.debug_abbrev)

.debug_line
 *(.debug_line)

.debug_frame
 *(.debug_frame)

.debug_str
 *(.debug_str)

.debug_loc
 *(.debug_loc)

.debug_macinfo
 *(.debug_macinfo)
OUTPUT(bin/test.elf elf32-avr)
LOAD linker stubs

Cross Reference Table

Symbol                                            File
__bad_interrupt                                   /usr/lib/gcc/avr/4.3.4/../../../avr/lib/avr6/crtm2560.o
__bss_end                                         /usr/lib/gcc/avr/4.3.4/avr6/libgcc.a(_clear_bss.o)
__bss_start                                       /usr/lib/gcc/avr/4.3.4/avr6/libgcc.a(_clear_bss.o)
__data_end                                        /usr/lib/gcc/avr/4.3.4/../../../avr/lib/avr6/crtm2560.o
__data_load_start                                 /usr/lib/gcc/avr/4.3.4/../../../avr/lib/avr6/crtm2560.o
__data_start                                      /usr/lib/gcc/avr/4.3.4/../../../avr/lib/avr6/crtm2560.o
__do_clear_bss                                    /usr/lib/gcc/avr/4.3.4/avr6/libgcc.a(_clear_bss.o)
                                                  lib/libcoremega.a(wiring.o)
                                                  bin/blink.o
__do_copy_data                                    /usr/lib/gcc/avr/4.3.4/../../../avr/lib/avr6/crtm2560.o
                                                  bin/blink.o
__heap_end                                        /usr/lib/gcc/avr/4.3.4/../../../avr/lib/avr6/crtm2560.o
__init                                            /usr/lib/gcc/avr/4.3.4/../../../avr/lib/avr6/crtm2560.o
__stack                                           /usr/lib/gcc/avr/4.3.4/../../../avr/lib/avr6/crtm2560.o
__vector_1                                        /usr/lib/gcc/avr/4.3.4/../../../avr/lib/avr6/crtm2560.o
__vector_10                                       /usr/lib/gcc/avr/4.3.4/../../../avr/lib/avr6/crtm2560.o
__vector_11                                       /usr/lib/gcc/avr/4.3.4/../../../avr/lib/avr6/crtm2560.o
__vector_12                                       /usr/lib/gcc/avr/4.3.4/../../../avr/lib/avr6/crtm2560.o
__vector_13                                       /usr/lib/gcc/avr/4.3.4/../../../avr/lib/avr6/crtm2560.o
__vector_14                                       /usr/lib/gcc/avr/4.3.4/../../../avr/lib/avr6/crtm2560.o
__vector_15                                       /usr/lib/gcc/avr/4.3.4/../../../avr/lib/avr6/crtm2560.o
__vector_16                                       /usr/lib/gcc/avr/4.3.4/../../../avr/lib/avr6/crtm2560.o
__vector_17                                       /usr/lib/gcc/avr/4.3.4/../../../avr/lib/avr6/crtm2560.o
__vector_18                                       /usr/lib/gcc/avr/4.3.4/../../../avr/lib/avr6/crtm2560.o
__vector_19                                       /usr/lib/gcc/avr/4.3.4/../../../avr/lib/avr6/crtm2560.o
__vector_2                                        /usr/lib/gcc/avr/4.3.4/../../../avr/lib/avr6/crtm2560.o
__vector_20                                       /usr/lib/gcc/avr/4.3.4/../../../avr/lib/avr6/crtm2560.o
__vector_21                                       /usr/lib/gcc/avr/4.3.4/../../../avr/lib/avr6/crtm2560.o
__vector_22                                       /usr/lib/gcc/avr/4.3.4/../../../avr/lib/avr6/crtm2560.o
__vector_23                                       lib/libcoremega.a(wiring.o)
                                                  /usr/lib/gcc/avr/4.3.4/../../../avr/lib/avr6/crtm2560.o
__vector_24                                       /usr/lib/gcc/avr/4.3.4/../../../avr/lib/avr6/crtm2560.o
__vector_25                                       /usr/lib/gcc/avr/4.3.4/../../../avr/lib/avr6/crtm2560.o
__vector_26                                       /usr/lib/gcc/avr/4.3.4/../../../avr/lib/avr6/crtm2560.o
__vector_27                                       /usr/lib/gcc/avr/4.3.4/../../../avr/lib/avr6/crtm2560.o
__vector_28                                       /usr/lib/gcc/avr/4.3.4/../../../avr/lib/avr6/crtm2560.o
__vector_29                                       /usr/lib/gcc/avr/4.3.4/../../../avr/lib/avr6/crtm2560.o
__vector_3                                        /usr/lib/gcc/avr/4.3.4/../../../avr/lib/avr6/crtm2560.o
__vector_30                                       /usr/lib/gcc/avr/4.3.4/../../../avr/lib/avr6/crtm2560.o
__vector_31                                       /usr/lib/gcc/avr/4.3.4/../../../avr/lib/avr6/crtm2560.o
__vector_32                                       /usr/lib/gcc/avr/4.3.4/../../../avr/lib/avr6/crtm2560.o
__vector_33                                       /usr/lib/gcc/avr/4.3.4/../../../avr/lib/avr6/crtm2560.o
__vector_34                                       /usr/lib/gcc/avr/4.3.4/../../../avr/lib/avr6/crtm2560.o
__vector_35                                       /usr/lib/gcc/avr/4.3.4/../../../avr/lib/avr6/crtm2560.o
__vector_36                                       /usr/lib/gcc/avr/4.3.4/../../../avr/lib/avr6/crtm2560.o
__vector_37                                       /usr/lib/gcc/avr/4.3.4/../../../avr/lib/avr6/crtm2560.o
__vector_38                                       /usr/lib/gcc/avr/4.3.4/../../../avr/lib/avr6/crtm2560.o
__vector_39                                       /usr/lib/gcc/avr/4.3.4/../../../avr/lib/avr6/crtm2560.o
__vector_4                                        /usr/lib/gcc/avr/4.3.4/../../../avr/lib/avr6/crtm2560.o
__vector_40                                       /usr/lib/gcc/avr/4.3.4/../../../avr/lib/avr6/crtm2560.o
__vector_41                                       /usr/lib/gcc/avr/4.3.4/../../../avr/lib/avr6/crtm2560.o
__vector_42                                       /usr/lib/gcc/avr/4.3.4/../../../avr/lib/avr6/crtm2560.o
__vector_43                                       /usr/lib/gcc/avr/4.3.4/../../../avr/lib/avr6/crtm2560.o
__vector_44                                       /usr/lib/gcc/avr/4.3.4/../../../avr/lib/avr6/crtm2560.o
__vector_45                                       /usr/lib/gcc/avr/4.3.4/../../../avr/lib/avr6/crtm2560.o
__vector_46                                       /usr/lib/gcc/avr/4.3.4/../../../avr/lib/avr6/crtm2560.o
__vector_47                                       /usr/lib/gcc/avr/4.3.4/../../../avr/lib/avr6/crtm2560.o
__vector_48                                       /usr/lib/gcc/avr/4.3.4/../../../avr/lib/avr6/crtm2560.o
__vector_49                                       /usr/lib/gcc/avr/4.3.4/../../../avr/lib/avr6/crtm2560.o
__vector_5                                        /usr/lib/gcc/avr/4.3.4/../../../avr/lib/avr6/crtm2560.o
__vector_50                                       /usr/lib/gcc/avr/4.3.4/../../../avr/lib/avr6/crtm2560.o
__vector_51                                       /usr/lib/gcc/avr/4.3.4/../../../avr/lib/avr6/crtm2560.o
__vector_52                                       /usr/lib/gcc/avr/4.3.4/../../../avr/lib/avr6/crtm2560.o
__vector_53                                       /usr/lib/gcc/avr/4.3.4/../../../avr/lib/avr6/crtm2560.o
__vector_54                                       /usr/lib/gcc/avr/4.3.4/../../../avr/lib/avr6/crtm2560.o
__vector_55                                       /usr/lib/gcc/avr/4.3.4/../../../avr/lib/avr6/crtm2560.o
__vector_56                                       /usr/lib/gcc/avr/4.3.4/../../../avr/lib/avr6/crtm2560.o
__vector_6                                        /usr/lib/gcc/avr/4.3.4/../../../avr/lib/avr6/crtm2560.o
__vector_7                                        /usr/lib/gcc/avr/4.3.4/../../../avr/lib/avr6/crtm2560.o
__vector_8                                        /usr/lib/gcc/avr/4.3.4/../../../avr/lib/avr6/crtm2560.o
__vector_9                                        /usr/lib/gcc/avr/4.3.4/../../../avr/lib/avr6/crtm2560.o
__vector_default                                  /usr/lib/gcc/avr/4.3.4/../../../avr/lib/avr6/crtm2560.o
__vectors                                         /usr/lib/gcc/avr/4.3.4/../../../avr/lib/avr6/crtm2560.o
_exit                                             /usr/lib/gcc/avr/4.3.4/avr6/libgcc.a(_exit.o)
delay                                             lib/libcoremega.a(wiring.o)
                                                  bin/blink.o
delayMicroseconds                                 lib/libcoremega.a(wiring.o)
digitalRead                                       lib/libcoremega.a(wiring_digital.o)
digitalWrite                                      lib/libcoremega.a(wiring_digital.o)
                                                  bin/blink.o
digital_pin_to_bit_mask_PGM                       lib/libcoremega.a(pins_arduino.o)
                                                  lib/libcoremega.a(wiring_digital.o)
digital_pin_to_port_PGM                           lib/libcoremega.a(pins_arduino.o)
                                                  lib/libcoremega.a(wiring_digital.o)
digital_pin_to_timer_PGM                          lib/libcoremega.a(pins_arduino.o)
                                                  lib/libcoremega.a(wiring_digital.o)
exit                                              /usr/lib/gcc/avr/4.3.4/avr6/libgcc.a(_exit.o)
                                                  /usr/lib/gcc/avr/4.3.4/../../../avr/lib/avr6/crtm2560.o
init                                              lib/libcoremega.a(wiring.o)
                                                  bin/blink.o
loop                                              bin/blink.o
main                                              bin/blink.o
                                                  /usr/lib/gcc/avr/4.3.4/../../../avr/lib/avr6/crtm2560.o
micros                                            lib/libcoremega.a(wiring.o)
millis                                            lib/libcoremega.a(wiring.o)
pinMode                                           lib/libcoremega.a(wiring_digital.o)
                                                  bin/blink.o
port_to_input_PGM                                 lib/libcoremega.a(pins_arduino.o)
                                                  lib/libcoremega.a(wiring_digital.o)
port_to_mode_PGM                                  lib/libcoremega.a(pins_arduino.o)
                                                  lib/libcoremega.a(wiring_digital.o)
port_to_output_PGM                                lib/libcoremega.a(pins_arduino.o)
                                                  lib/libcoremega.a(wiring_digital.o)
setup                                             bin/blink.o
timer0_millis                                     lib/libcoremega.a(wiring.o)
timer0_overflow_count                             lib/libcoremega.a(wiring.o)
